Building DAG of jobs...
Using shell: /usr/bin/bash
Provided cluster nodes: 71
Job counts:
	count	jobs
	1	all
	61	blast
	62

[Fri Mar 15 16:50:46 2024]
rule blast:
    input: /xdisk/khasting/knodele/Mayo_human_data/peptides/P5_luksza_blast_input.txt
    output: /xdisk/khasting/knodele/Mayo_human_data/blast_outputs/P5_luksza_blast_iedb.xml
    jobid: 117
    wildcards: sample=P5

Submitted job 117 with external jobid 'Submitted batch job 1866279'.

[Fri Mar 15 16:50:46 2024]
rule blast:
    input: /xdisk/khasting/knodele/Mayo_human_data/peptides/P11_luksza_blast_input.txt
    output: /xdisk/khasting/knodele/Mayo_human_data/blast_outputs/P11_luksza_blast_iedb.xml
    jobid: 63
    wildcards: sample=P11

Submitted job 63 with external jobid 'Submitted batch job 1866280'.

[Fri Mar 15 16:50:46 2024]
rule blast:
    input: /xdisk/khasting/knodele/Mayo_human_data/peptides/P47_luksza_blast_input.txt
    output: /xdisk/khasting/knodele/Mayo_human_data/blast_outputs/P47_luksza_blast_iedb.xml
    jobid: 103
    wildcards: sample=P47

Submitted job 103 with external jobid 'Submitted batch job 1866281'.

[Fri Mar 15 16:50:46 2024]
rule blast:
    input: /xdisk/khasting/knodele/Mayo_human_data/peptides/P29_luksza_blast_input.txt
    output: /xdisk/khasting/knodele/Mayo_human_data/blast_outputs/P29_luksza_blast_iedb.xml
    jobid: 82
    wildcards: sample=P29

Submitted job 82 with external jobid 'Submitted batch job 1866282'.

[Fri Mar 15 16:50:46 2024]
rule blast:
    input: /xdisk/khasting/knodele/Mayo_human_data/peptides/P12_luksza_blast_input.txt
    output: /xdisk/khasting/knodele/Mayo_human_data/blast_outputs/P12_luksza_blast_iedb.xml
    jobid: 64
    wildcards: sample=P12

Submitted job 64 with external jobid 'Submitted batch job 1866283'.

[Fri Mar 15 16:50:46 2024]
rule blast:
    input: /xdisk/khasting/knodele/Mayo_human_data/peptides/P50_luksza_blast_input.txt
    output: /xdisk/khasting/knodele/Mayo_human_data/blast_outputs/P50_luksza_blast_iedb.xml
    jobid: 107
    wildcards: sample=P50

Submitted job 107 with external jobid 'Submitted batch job 1866284'.

[Fri Mar 15 16:50:46 2024]
rule blast:
    input: /xdisk/khasting/knodele/Mayo_human_data/peptides/P2A_luksza_blast_input.txt
    output: /xdisk/khasting/knodele/Mayo_human_data/blast_outputs/P2A_luksza_blast_iedb.xml
    jobid: 83
    wildcards: sample=P2A

Submitted job 83 with external jobid 'Submitted batch job 1866285'.

[Fri Mar 15 16:50:47 2024]
rule blast:
    input: /xdisk/khasting/knodele/Mayo_human_data/peptides/P33_luksza_blast_input.txt
    output: /xdisk/khasting/knodele/Mayo_human_data/blast_outputs/P33_luksza_blast_iedb.xml
    jobid: 88
    wildcards: sample=P33

Submitted job 88 with external jobid 'Submitted batch job 1866286'.

[Fri Mar 15 16:50:47 2024]
rule blast:
    input: /xdisk/khasting/knodele/Mayo_human_data/peptides/P22_luksza_blast_input.txt
    output: /xdisk/khasting/knodele/Mayo_human_data/blast_outputs/P22_luksza_blast_iedb.xml
    jobid: 75
    wildcards: sample=P22

Submitted job 75 with external jobid 'Submitted batch job 1866287'.

[Fri Mar 15 16:50:47 2024]
rule blast:
    input: /xdisk/khasting/knodele/Mayo_human_data/peptides/P7_luksza_blast_input.txt
    output: /xdisk/khasting/knodele/Mayo_human_data/blast_outputs/P7_luksza_blast_iedb.xml
    jobid: 118
    wildcards: sample=P7

Submitted job 118 with external jobid 'Submitted batch job 1866288'.

[Fri Mar 15 16:50:47 2024]
rule blast:
    input: /xdisk/khasting/knodele/Mayo_human_data/peptides/P4_luksza_blast_input.txt
    output: /xdisk/khasting/knodele/Mayo_human_data/blast_outputs/P4_luksza_blast_iedb.xml
    jobid: 106
    wildcards: sample=P4

Submitted job 106 with external jobid 'Submitted batch job 1866289'.

[Fri Mar 15 16:50:47 2024]
rule blast:
    input: /xdisk/khasting/knodele/Mayo_human_data/peptides/P39A_luksza_blast_input.txt
    output: /xdisk/khasting/knodele/Mayo_human_data/blast_outputs/P39A_luksza_blast_iedb.xml
    jobid: 94
    wildcards: sample=P39A

Submitted job 94 with external jobid 'Submitted batch job 1866290'.

[Fri Mar 15 16:50:47 2024]
rule blast:
    input: /xdisk/khasting/knodele/Mayo_human_data/peptides/P34_luksza_blast_input.txt
    output: /xdisk/khasting/knodele/Mayo_human_data/blast_outputs/P34_luksza_blast_iedb.xml
    jobid: 89
    wildcards: sample=P34

Submitted job 89 with external jobid 'Submitted batch job 1866291'.

[Fri Mar 15 16:50:47 2024]
rule blast:
    input: /xdisk/khasting/knodele/Mayo_human_data/peptides/P35_luksza_blast_input.txt
    output: /xdisk/khasting/knodele/Mayo_human_data/blast_outputs/P35_luksza_blast_iedb.xml
    jobid: 90
    wildcards: sample=P35

Submitted job 90 with external jobid 'Submitted batch job 1866292'.

[Fri Mar 15 16:50:47 2024]
rule blast:
    input: /xdisk/khasting/knodele/Mayo_human_data/peptides/P6_luksza_blast_input.txt
    output: /xdisk/khasting/knodele/Mayo_human_data/blast_outputs/P6_luksza_blast_iedb.xml
    jobid: 121
    wildcards: sample=P6

Submitted job 121 with external jobid 'Submitted batch job 1866293'.

[Fri Mar 15 16:50:47 2024]
rule blast:
    input: /xdisk/khasting/knodele/Mayo_human_data/peptides/P49_luksza_blast_input.txt
    output: /xdisk/khasting/knodele/Mayo_human_data/blast_outputs/P49_luksza_blast_iedb.xml
    jobid: 105
    wildcards: sample=P49

Submitted job 105 with external jobid 'Submitted batch job 1866294'.

[Fri Mar 15 16:50:48 2024]
rule blast:
    input: /xdisk/khasting/knodele/Mayo_human_data/peptides/P19_luksza_blast_input.txt
    output: /xdisk/khasting/knodele/Mayo_human_data/blast_outputs/P19_luksza_blast_iedb.xml
    jobid: 71
    wildcards: sample=P19

Submitted job 71 with external jobid 'Submitted batch job 1866295'.

[Fri Mar 15 16:50:48 2024]
rule blast:
    input: /xdisk/khasting/knodele/Mayo_human_data/peptides/P30_luksza_blast_input.txt
    output: /xdisk/khasting/knodele/Mayo_human_data/blast_outputs/P30_luksza_blast_iedb.xml
    jobid: 85
    wildcards: sample=P30

Submitted job 85 with external jobid 'Submitted batch job 1866296'.

[Fri Mar 15 16:50:48 2024]
rule blast:
    input: /xdisk/khasting/knodele/Mayo_human_data/peptides/P13_luksza_blast_input.txt
    output: /xdisk/khasting/knodele/Mayo_human_data/blast_outputs/P13_luksza_blast_iedb.xml
    jobid: 65
    wildcards: sample=P13

Submitted job 65 with external jobid 'Submitted batch job 1866297'.

[Fri Mar 15 16:50:48 2024]
rule blast:
    input: /xdisk/khasting/knodele/Mayo_human_data/peptides/P27_luksza_blast_input.txt
    output: /xdisk/khasting/knodele/Mayo_human_data/blast_outputs/P27_luksza_blast_iedb.xml
    jobid: 80
    wildcards: sample=P27

Submitted job 80 with external jobid 'Submitted batch job 1866298'.

[Fri Mar 15 16:50:48 2024]
rule blast:
    input: /xdisk/khasting/knodele/Mayo_human_data/peptides/P57_luksza_blast_input.txt
    output: /xdisk/khasting/knodele/Mayo_human_data/blast_outputs/P57_luksza_blast_iedb.xml
    jobid: 114
    wildcards: sample=P57

Submitted job 114 with external jobid 'Submitted batch job 1866299'.

[Fri Mar 15 16:50:48 2024]
rule blast:
    input: /xdisk/khasting/knodele/Mayo_human_data/peptides/P21_luksza_blast_input.txt
    output: /xdisk/khasting/knodele/Mayo_human_data/blast_outputs/P21_luksza_blast_iedb.xml
    jobid: 74
    wildcards: sample=P21

Submitted job 74 with external jobid 'Submitted batch job 1866300'.

[Fri Mar 15 16:50:48 2024]
rule blast:
    input: /xdisk/khasting/knodele/Mayo_human_data/peptides/P59_luksza_blast_input.txt
    output: /xdisk/khasting/knodele/Mayo_human_data/blast_outputs/P59_luksza_blast_iedb.xml
    jobid: 116
    wildcards: sample=P59

Submitted job 116 with external jobid 'Submitted batch job 1866301'.

[Fri Mar 15 16:50:48 2024]
rule blast:
    input: /xdisk/khasting/knodele/Mayo_human_data/peptides/P31_luksza_blast_input.txt
    output: /xdisk/khasting/knodele/Mayo_human_data/blast_outputs/P31_luksza_blast_iedb.xml
    jobid: 86
    wildcards: sample=P31

Submitted job 86 with external jobid 'Submitted batch job 1866302'.

[Fri Mar 15 16:50:49 2024]
rule blast:
    input: /xdisk/khasting/knodele/Mayo_human_data/peptides/P2B_luksza_blast_input.txt
    output: /xdisk/khasting/knodele/Mayo_human_data/blast_outputs/P2B_luksza_blast_iedb.xml
    jobid: 84
    wildcards: sample=P2B

Submitted job 84 with external jobid 'Submitted batch job 1866303'.

[Fri Mar 15 16:50:49 2024]
rule blast:
    input: /xdisk/khasting/knodele/Mayo_human_data/peptides/P3_luksza_blast_input.txt
    output: /xdisk/khasting/knodele/Mayo_human_data/blast_outputs/P3_luksza_blast_iedb.xml
    jobid: 96
    wildcards: sample=P3

Submitted job 96 with external jobid 'Submitted batch job 1866304'.

[Fri Mar 15 16:50:49 2024]
rule blast:
    input: /xdisk/khasting/knodele/Mayo_human_data/peptides/P52_luksza_blast_input.txt
    output: /xdisk/khasting/knodele/Mayo_human_data/blast_outputs/P52_luksza_blast_iedb.xml
    jobid: 109
    wildcards: sample=P52

Submitted job 109 with external jobid 'Submitted batch job 1866305'.

[Fri Mar 15 16:50:49 2024]
rule blast:
    input: /xdisk/khasting/knodele/Mayo_human_data/peptides/P16_luksza_blast_input.txt
    output: /xdisk/khasting/knodele/Mayo_human_data/blast_outputs/P16_luksza_blast_iedb.xml
    jobid: 68
    wildcards: sample=P16

Submitted job 68 with external jobid 'Submitted batch job 1866306'.

[Fri Mar 15 16:50:49 2024]
rule blast:
    input: /xdisk/khasting/knodele/Mayo_human_data/peptides/P41_luksza_blast_input.txt
    output: /xdisk/khasting/knodele/Mayo_human_data/blast_outputs/P41_luksza_blast_iedb.xml
    jobid: 98
    wildcards: sample=P41

Submitted job 98 with external jobid 'Submitted batch job 1866307'.

[Fri Mar 15 16:50:49 2024]
rule blast:
    input: /xdisk/khasting/knodele/Mayo_human_data/peptides/P58_luksza_blast_input.txt
    output: /xdisk/khasting/knodele/Mayo_human_data/blast_outputs/P58_luksza_blast_iedb.xml
    jobid: 115
    wildcards: sample=P58

Submitted job 115 with external jobid 'Submitted batch job 1866308'.

[Fri Mar 15 16:50:49 2024]
rule blast:
    input: /xdisk/khasting/knodele/Mayo_human_data/peptides/P54_luksza_blast_input.txt
    output: /xdisk/khasting/knodele/Mayo_human_data/blast_outputs/P54_luksza_blast_iedb.xml
    jobid: 111
    wildcards: sample=P54

Submitted job 111 with external jobid 'Submitted batch job 1866309'.

[Fri Mar 15 16:50:49 2024]
rule blast:
    input: /xdisk/khasting/knodele/Mayo_human_data/peptides/P48_luksza_blast_input.txt
    output: /xdisk/khasting/knodele/Mayo_human_data/blast_outputs/P48_luksza_blast_iedb.xml
    jobid: 104
    wildcards: sample=P48

Submitted job 104 with external jobid 'Submitted batch job 1866310'.

[Fri Mar 15 16:50:49 2024]
rule blast:
    input: /xdisk/khasting/knodele/Mayo_human_data/peptides/P56_luksza_blast_input.txt
    output: /xdisk/khasting/knodele/Mayo_human_data/blast_outputs/P56_luksza_blast_iedb.xml
    jobid: 113
    wildcards: sample=P56

Submitted job 113 with external jobid 'Submitted batch job 1866311'.

[Fri Mar 15 16:50:50 2024]
rule blast:
    input: /xdisk/khasting/knodele/Mayo_human_data/peptides/P39B_luksza_blast_input.txt
    output: /xdisk/khasting/knodele/Mayo_human_data/blast_outputs/P39B_luksza_blast_iedb.xml
    jobid: 95
    wildcards: sample=P39B

Submitted job 95 with external jobid 'Submitted batch job 1866312'.

[Fri Mar 15 16:50:50 2024]
rule blast:
    input: /xdisk/khasting/knodele/Mayo_human_data/peptides/P1_luksza_blast_input.txt
    output: /xdisk/khasting/knodele/Mayo_human_data/blast_outputs/P1_luksza_blast_iedb.xml
    jobid: 72
    wildcards: sample=P1

Submitted job 72 with external jobid 'Submitted batch job 1866313'.

[Fri Mar 15 16:50:50 2024]
rule blast:
    input: /xdisk/khasting/knodele/Mayo_human_data/peptides/P8_luksza_blast_input.txt
    output: /xdisk/khasting/knodele/Mayo_human_data/blast_outputs/P8_luksza_blast_iedb.xml
    jobid: 119
    wildcards: sample=P8

Submitted job 119 with external jobid 'Submitted batch job 1866314'.

[Fri Mar 15 16:50:50 2024]
rule blast:
    input: /xdisk/khasting/knodele/Mayo_human_data/peptides/P15_luksza_blast_input.txt
    output: /xdisk/khasting/knodele/Mayo_human_data/blast_outputs/P15_luksza_blast_iedb.xml
    jobid: 67
    wildcards: sample=P15

Submitted job 67 with external jobid 'Submitted batch job 1866315'.

[Fri Mar 15 16:50:50 2024]
rule blast:
    input: /xdisk/khasting/knodele/Mayo_human_data/peptides/P36_luksza_blast_input.txt
    output: /xdisk/khasting/knodele/Mayo_human_data/blast_outputs/P36_luksza_blast_iedb.xml
    jobid: 91
    wildcards: sample=P36

Submitted job 91 with external jobid 'Submitted batch job 1866316'.

[Fri Mar 15 16:50:50 2024]
rule blast:
    input: /xdisk/khasting/knodele/Mayo_human_data/peptides/P37_luksza_blast_input.txt
    output: /xdisk/khasting/knodele/Mayo_human_data/blast_outputs/P37_luksza_blast_iedb.xml
    jobid: 92
    wildcards: sample=P37

Submitted job 92 with external jobid 'Submitted batch job 1866317'.

[Fri Mar 15 16:50:50 2024]
rule blast:
    input: /xdisk/khasting/knodele/Mayo_human_data/peptides/P43_luksza_blast_input.txt
    output: /xdisk/khasting/knodele/Mayo_human_data/blast_outputs/P43_luksza_blast_iedb.xml
    jobid: 100
    wildcards: sample=P43

Submitted job 100 with external jobid 'Submitted batch job 1866318'.

[Fri Mar 15 16:50:50 2024]
rule blast:
    input: /xdisk/khasting/knodele/Mayo_human_data/peptides/P24_luksza_blast_input.txt
    output: /xdisk/khasting/knodele/Mayo_human_data/blast_outputs/P24_luksza_blast_iedb.xml
    jobid: 77
    wildcards: sample=P24

Submitted job 77 with external jobid 'Submitted batch job 1866319'.

[Fri Mar 15 16:50:50 2024]
rule blast:
    input: /xdisk/khasting/knodele/Mayo_human_data/peptides/P25_luksza_blast_input.txt
    output: /xdisk/khasting/knodele/Mayo_human_data/blast_outputs/P25_luksza_blast_iedb.xml
    jobid: 78
    wildcards: sample=P25

Submitted job 78 with external jobid 'Submitted batch job 1866320'.

[Fri Mar 15 16:50:51 2024]
rule blast:
    input: /xdisk/khasting/knodele/Mayo_human_data/peptides/P26_luksza_blast_input.txt
    output: /xdisk/khasting/knodele/Mayo_human_data/blast_outputs/P26_luksza_blast_iedb.xml
    jobid: 79
    wildcards: sample=P26

Submitted job 79 with external jobid 'Submitted batch job 1866321'.

[Fri Mar 15 16:50:51 2024]
rule blast:
    input: /xdisk/khasting/knodele/Mayo_human_data/peptides/P17_luksza_blast_input.txt
    output: /xdisk/khasting/knodele/Mayo_human_data/blast_outputs/P17_luksza_blast_iedb.xml
    jobid: 69
    wildcards: sample=P17

Submitted job 69 with external jobid 'Submitted batch job 1866322'.

[Fri Mar 15 16:50:51 2024]
rule blast:
    input: /xdisk/khasting/knodele/Mayo_human_data/peptides/P20_luksza_blast_input.txt
    output: /xdisk/khasting/knodele/Mayo_human_data/blast_outputs/P20_luksza_blast_iedb.xml
    jobid: 73
    wildcards: sample=P20

Submitted job 73 with external jobid 'Submitted batch job 1866323'.

[Fri Mar 15 16:50:51 2024]
rule blast:
    input: /xdisk/khasting/knodele/Mayo_human_data/peptides/P23_luksza_blast_input.txt
    output: /xdisk/khasting/knodele/Mayo_human_data/blast_outputs/P23_luksza_blast_iedb.xml
    jobid: 76
    wildcards: sample=P23

Submitted job 76 with external jobid 'Submitted batch job 1866324'.

[Fri Mar 15 16:50:51 2024]
rule blast:
    input: /xdisk/khasting/knodele/Mayo_human_data/peptides/P38_luksza_blast_input.txt
    output: /xdisk/khasting/knodele/Mayo_human_data/blast_outputs/P38_luksza_blast_iedb.xml
    jobid: 93
    wildcards: sample=P38

Submitted job 93 with external jobid 'Submitted batch job 1866325'.

[Fri Mar 15 16:50:51 2024]
rule blast:
    input: /xdisk/khasting/knodele/Mayo_human_data/peptides/P40_luksza_blast_input.txt
    output: /xdisk/khasting/knodele/Mayo_human_data/blast_outputs/P40_luksza_blast_iedb.xml
    jobid: 97
    wildcards: sample=P40

Submitted job 97 with external jobid 'Submitted batch job 1866326'.

[Fri Mar 15 16:50:51 2024]
rule blast:
    input: /xdisk/khasting/knodele/Mayo_human_data/peptides/P46_luksza_blast_input.txt
    output: /xdisk/khasting/knodele/Mayo_human_data/blast_outputs/P46_luksza_blast_iedb.xml
    jobid: 102
    wildcards: sample=P46

Submitted job 102 with external jobid 'Submitted batch job 1866327'.

[Fri Mar 15 16:50:51 2024]
rule blast:
    input: /xdisk/khasting/knodele/Mayo_human_data/peptides/P51_luksza_blast_input.txt
    output: /xdisk/khasting/knodele/Mayo_human_data/blast_outputs/P51_luksza_blast_iedb.xml
    jobid: 108
    wildcards: sample=P51

Submitted job 108 with external jobid 'Submitted batch job 1866328'.

[Fri Mar 15 16:50:51 2024]
rule blast:
    input: /xdisk/khasting/knodele/Mayo_human_data/peptides/P55_luksza_blast_input.txt
    output: /xdisk/khasting/knodele/Mayo_human_data/blast_outputs/P55_luksza_blast_iedb.xml
    jobid: 112
    wildcards: sample=P55

Submitted job 112 with external jobid 'Submitted batch job 1866329'.

[Fri Mar 15 16:50:52 2024]
rule blast:
    input: /xdisk/khasting/knodele/Mayo_human_data/peptides/P42_luksza_blast_input.txt
    output: /xdisk/khasting/knodele/Mayo_human_data/blast_outputs/P42_luksza_blast_iedb.xml
    jobid: 99
    wildcards: sample=P42

Submitted job 99 with external jobid 'Submitted batch job 1866330'.

[Fri Mar 15 16:50:52 2024]
rule blast:
    input: /xdisk/khasting/knodele/Mayo_human_data/peptides/P32_luksza_blast_input.txt
    output: /xdisk/khasting/knodele/Mayo_human_data/blast_outputs/P32_luksza_blast_iedb.xml
    jobid: 87
    wildcards: sample=P32

Submitted job 87 with external jobid 'Submitted batch job 1866331'.

[Fri Mar 15 16:50:52 2024]
rule blast:
    input: /xdisk/khasting/knodele/Mayo_human_data/peptides/P45_luksza_blast_input.txt
    output: /xdisk/khasting/knodele/Mayo_human_data/blast_outputs/P45_luksza_blast_iedb.xml
    jobid: 101
    wildcards: sample=P45

Submitted job 101 with external jobid 'Submitted batch job 1866332'.

[Fri Mar 15 16:50:52 2024]
rule blast:
    input: /xdisk/khasting/knodele/Mayo_human_data/peptides/P44_luksza_blast_input.txt
    output: /xdisk/khasting/knodele/Mayo_human_data/blast_outputs/P44_luksza_blast_iedb.xml
    jobid: 122
    wildcards: sample=P44

Submitted job 122 with external jobid 'Submitted batch job 1866333'.

[Fri Mar 15 16:50:52 2024]
rule blast:
    input: /xdisk/khasting/knodele/Mayo_human_data/peptides/P10_luksza_blast_input.txt
    output: /xdisk/khasting/knodele/Mayo_human_data/blast_outputs/P10_luksza_blast_iedb.xml
    jobid: 62
    wildcards: sample=P10

Submitted job 62 with external jobid 'Submitted batch job 1866334'.

[Fri Mar 15 16:50:52 2024]
rule blast:
    input: /xdisk/khasting/knodele/Mayo_human_data/peptides/P28_luksza_blast_input.txt
    output: /xdisk/khasting/knodele/Mayo_human_data/blast_outputs/P28_luksza_blast_iedb.xml
    jobid: 81
    wildcards: sample=P28

Submitted job 81 with external jobid 'Submitted batch job 1866335'.

[Fri Mar 15 16:50:52 2024]
rule blast:
    input: /xdisk/khasting/knodele/Mayo_human_data/peptides/P14_luksza_blast_input.txt
    output: /xdisk/khasting/knodele/Mayo_human_data/blast_outputs/P14_luksza_blast_iedb.xml
    jobid: 66
    wildcards: sample=P14

Submitted job 66 with external jobid 'Submitted batch job 1866336'.

[Fri Mar 15 16:50:52 2024]
rule blast:
    input: /xdisk/khasting/knodele/Mayo_human_data/peptides/P9_luksza_blast_input.txt
    output: /xdisk/khasting/knodele/Mayo_human_data/blast_outputs/P9_luksza_blast_iedb.xml
    jobid: 120
    wildcards: sample=P9

Submitted job 120 with external jobid 'Submitted batch job 1866337'.

[Fri Mar 15 16:50:52 2024]
rule blast:
    input: /xdisk/khasting/knodele/Mayo_human_data/peptides/P53_luksza_blast_input.txt
    output: /xdisk/khasting/knodele/Mayo_human_data/blast_outputs/P53_luksza_blast_iedb.xml
    jobid: 110
    wildcards: sample=P53

Submitted job 110 with external jobid 'Submitted batch job 1866338'.

[Fri Mar 15 16:50:53 2024]
rule blast:
    input: /xdisk/khasting/knodele/Mayo_human_data/peptides/P18_luksza_blast_input.txt
    output: /xdisk/khasting/knodele/Mayo_human_data/blast_outputs/P18_luksza_blast_iedb.xml
    jobid: 70
    wildcards: sample=P18

Submitted job 70 with external jobid 'Submitted batch job 1866339'.
Waiting at most 5 seconds for missing files.
MissingOutputException in line 30 of /home/u1/knodele/Immunoediting_Human_cSCC/10_Luksza_model_calculations/luksza.snakefile:
Job completed successfully, but some output files are missing. Missing files after 5 seconds:
/xdisk/khasting/knodele/Mayo_human_data/blast_outputs/P16_luksza_blast_iedb.xml
This might be due to filesystem latency. If that is the case, consider to increase the wait time with --latency-wait.
Waiting at most 5 seconds for missing files.
MissingOutputException in line 30 of /home/u1/knodele/Immunoediting_Human_cSCC/10_Luksza_model_calculations/luksza.snakefile:
Job completed successfully, but some output files are missing. Missing files after 5 seconds:
/xdisk/khasting/knodele/Mayo_human_data/blast_outputs/P36_luksza_blast_iedb.xml
This might be due to filesystem latency. If that is the case, consider to increase the wait time with --latency-wait.
Waiting at most 5 seconds for missing files.
MissingOutputException in line 30 of /home/u1/knodele/Immunoediting_Human_cSCC/10_Luksza_model_calculations/luksza.snakefile:
Job completed successfully, but some output files are missing. Missing files after 5 seconds:
/xdisk/khasting/knodele/Mayo_human_data/blast_outputs/P25_luksza_blast_iedb.xml
This might be due to filesystem latency. If that is the case, consider to increase the wait time with --latency-wait.
Waiting at most 5 seconds for missing files.
[Fri Mar 15 16:51:16 2024]
Finished job 93.
1 of 62 steps (2%) done
[Fri Mar 15 16:51:16 2024]
Finished job 108.
2 of 62 steps (3%) done
[Fri Mar 15 16:51:17 2024]
Finished job 112.
3 of 62 steps (5%) done
[Fri Mar 15 16:51:17 2024]
Finished job 66.
4 of 62 steps (6%) done
[Fri Mar 15 16:51:28 2024]
Finished job 117.
5 of 62 steps (8%) done
[Fri Mar 15 16:51:28 2024]
Finished job 63.
6 of 62 steps (10%) done
[Fri Mar 15 16:51:28 2024]
Finished job 103.
7 of 62 steps (11%) done
[Fri Mar 15 16:51:28 2024]
Finished job 82.
8 of 62 steps (13%) done
[Fri Mar 15 16:51:28 2024]
Finished job 83.
9 of 62 steps (15%) done
[Fri Mar 15 16:51:28 2024]
Finished job 88.
10 of 62 steps (16%) done
[Fri Mar 15 16:51:28 2024]
Finished job 75.
11 of 62 steps (18%) done
[Fri Mar 15 16:51:28 2024]
Finished job 118.
12 of 62 steps (19%) done
[Fri Mar 15 16:51:29 2024]
Finished job 71.
13 of 62 steps (21%) done
[Fri Mar 15 16:51:29 2024]
Finished job 85.
14 of 62 steps (23%) done
[Fri Mar 15 16:51:30 2024]
Finished job 74.
15 of 62 steps (24%) done
[Fri Mar 15 16:51:30 2024]
Finished job 86.
16 of 62 steps (26%) done
[Fri Mar 15 16:51:30 2024]
Finished job 109.
17 of 62 steps (27%) done
[Fri Mar 15 16:51:30 2024]
Finished job 98.
18 of 62 steps (29%) done
[Fri Mar 15 16:51:30 2024]
Finished job 111.
19 of 62 steps (31%) done
[Fri Mar 15 16:51:31 2024]
Finished job 67.
20 of 62 steps (32%) done
[Fri Mar 15 16:51:31 2024]
Finished job 92.
21 of 62 steps (34%) done
[Fri Mar 15 16:51:31 2024]
Finished job 100.
22 of 62 steps (35%) done
[Fri Mar 15 16:51:31 2024]
Finished job 77.
23 of 62 steps (37%) done
[Fri Mar 15 16:51:32 2024]
Finished job 76.
24 of 62 steps (39%) done
[Fri Mar 15 16:51:32 2024]
Finished job 97.
25 of 62 steps (40%) done
[Fri Mar 15 16:51:32 2024]
Finished job 99.
26 of 62 steps (42%) done
[Fri Mar 15 16:51:32 2024]
Finished job 122.
27 of 62 steps (44%) done
[Fri Mar 15 16:51:32 2024]
Finished job 62.
28 of 62 steps (45%) done
[Fri Mar 15 16:51:33 2024]
Finished job 81.
29 of 62 steps (47%) done
[Fri Mar 15 16:51:43 2024]
Finished job 94.
30 of 62 steps (48%) done
[Fri Mar 15 16:51:44 2024]
Finished job 114.
31 of 62 steps (50%) done
[Fri Mar 15 16:51:44 2024]
Finished job 116.
32 of 62 steps (52%) done
[Fri Mar 15 16:51:44 2024]
Finished job 115.
33 of 62 steps (53%) done
[Fri Mar 15 16:51:44 2024]
Finished job 95.
34 of 62 steps (55%) done
[Fri Mar 15 16:51:44 2024]
Finished job 72.
35 of 62 steps (56%) done
[Fri Mar 15 16:51:45 2024]
Finished job 79.
36 of 62 steps (58%) done
[Fri Mar 15 16:51:45 2024]
Finished job 69.
37 of 62 steps (60%) done
[Fri Mar 15 16:51:45 2024]
Finished job 73.
38 of 62 steps (61%) done
[Fri Mar 15 16:51:45 2024]
Finished job 102.
39 of 62 steps (63%) done
[Fri Mar 15 16:51:45 2024]
Finished job 87.
40 of 62 steps (65%) done
[Fri Mar 15 16:51:45 2024]
Finished job 101.
41 of 62 steps (66%) done
[Fri Mar 15 16:51:45 2024]
Finished job 70.
42 of 62 steps (68%) done
[Fri Mar 15 16:51:55 2024]
Finished job 107.
43 of 62 steps (69%) done
[Fri Mar 15 16:51:55 2024]
Finished job 89.
44 of 62 steps (71%) done
[Fri Mar 15 16:51:55 2024]
Finished job 90.
45 of 62 steps (73%) done
[Fri Mar 15 16:51:55 2024]
Finished job 80.
46 of 62 steps (74%) done
[Fri Mar 15 16:51:56 2024]
Finished job 104.
47 of 62 steps (76%) done
[Fri Mar 15 16:52:06 2024]
Finished job 64.
48 of 62 steps (77%) done
[Fri Mar 15 16:52:06 2024]
Finished job 96.
49 of 62 steps (79%) done
[Fri Mar 15 16:52:07 2024]
Finished job 110.
50 of 62 steps (81%) done
[Fri Mar 15 16:52:37 2024]
Finished job 106.
51 of 62 steps (82%) done
[Fri Mar 15 16:52:37 2024]
Finished job 121.
52 of 62 steps (84%) done
[Fri Mar 15 16:52:37 2024]
Finished job 105.
53 of 62 steps (85%) done
[Fri Mar 15 16:52:37 2024]
Finished job 119.
54 of 62 steps (87%) done
[Fri Mar 15 16:52:47 2024]
Finished job 65.
55 of 62 steps (89%) done
[Fri Mar 15 16:52:47 2024]
Finished job 113.
56 of 62 steps (90%) done
[Fri Mar 15 16:53:27 2024]
Finished job 84.
57 of 62 steps (92%) done
[Fri Mar 15 16:53:27 2024]
Finished job 120.
58 of 62 steps (94%) done
Shutting down, this might take some time.
Exiting because a job execution failed. Look above for error message
Complete log: /home/u1/knodele/Immunoediting_Human_cSCC/10_Luksza_model_calculations/.snakemake/log/2024-03-15T165046.433883.snakemake.log
