Building DAG of jobs...
Using shell: /usr/bin/bash
Provided cluster nodes: 71
Job counts:
	count	jobs
	1	all
	61	blast_input
	62

[Fri Mar 15 16:43:34 2024]
rule blast_input:
    input: /xdisk/khasting/knodele/Mayo_human_data/peptides/P39A_netctlpan.xsl
    output: /xdisk/khasting/knodele/Mayo_human_data/peptides/P39A_luksza_blast_input.txt
    jobid: 33
    wildcards: sample=P39A

Submitted job 33 with external jobid 'Submitted batch job 1866150'.

[Fri Mar 15 16:43:34 2024]
rule blast_input:
    input: /xdisk/khasting/knodele/Mayo_human_data/peptides/P2B_netctlpan.xsl
    output: /xdisk/khasting/knodele/Mayo_human_data/peptides/P2B_luksza_blast_input.txt
    jobid: 23
    wildcards: sample=P2B

Submitted job 23 with external jobid 'Submitted batch job 1866151'.

[Fri Mar 15 16:43:34 2024]
rule blast_input:
    input: /xdisk/khasting/knodele/Mayo_human_data/peptides/P57_netctlpan.xsl
    output: /xdisk/khasting/knodele/Mayo_human_data/peptides/P57_luksza_blast_input.txt
    jobid: 53
    wildcards: sample=P57

Submitted job 53 with external jobid 'Submitted batch job 1866152'.

[Fri Mar 15 16:43:34 2024]
rule blast_input:
    input: /xdisk/khasting/knodele/Mayo_human_data/peptides/P21_netctlpan.xsl
    output: /xdisk/khasting/knodele/Mayo_human_data/peptides/P21_luksza_blast_input.txt
    jobid: 13
    wildcards: sample=P21

Submitted job 13 with external jobid 'Submitted batch job 1866153'.

[Fri Mar 15 16:43:34 2024]
rule blast_input:
    input: /xdisk/khasting/knodele/Mayo_human_data/peptides/P30_netctlpan.xsl
    output: /xdisk/khasting/knodele/Mayo_human_data/peptides/P30_luksza_blast_input.txt
    jobid: 24
    wildcards: sample=P30

Submitted job 24 with external jobid 'Submitted batch job 1866154'.

[Fri Mar 15 16:43:34 2024]
rule blast_input:
    input: /xdisk/khasting/knodele/Mayo_human_data/peptides/P45_netctlpan.xsl
    output: /xdisk/khasting/knodele/Mayo_human_data/peptides/P45_luksza_blast_input.txt
    jobid: 40
    wildcards: sample=P45

Submitted job 40 with external jobid 'Submitted batch job 1866155'.

[Fri Mar 15 16:43:34 2024]
rule blast_input:
    input: /xdisk/khasting/knodele/Mayo_human_data/peptides/P20_netctlpan.xsl
    output: /xdisk/khasting/knodele/Mayo_human_data/peptides/P20_luksza_blast_input.txt
    jobid: 12
    wildcards: sample=P20

Submitted job 12 with external jobid 'Submitted batch job 1866156'.

[Fri Mar 15 16:43:34 2024]
rule blast_input:
    input: /xdisk/khasting/knodele/Mayo_human_data/peptides/P13_netctlpan.xsl
    output: /xdisk/khasting/knodele/Mayo_human_data/peptides/P13_luksza_blast_input.txt
    jobid: 4
    wildcards: sample=P13

Submitted job 4 with external jobid 'Submitted batch job 1866157'.

[Fri Mar 15 16:43:34 2024]
rule blast_input:
    input: /xdisk/khasting/knodele/Mayo_human_data/peptides/P51_netctlpan.xsl
    output: /xdisk/khasting/knodele/Mayo_human_data/peptides/P51_luksza_blast_input.txt
    jobid: 47
    wildcards: sample=P51

Submitted job 47 with external jobid 'Submitted batch job 1866158'.

[Fri Mar 15 16:43:34 2024]
rule blast_input:
    input: /xdisk/khasting/knodele/Mayo_human_data/peptides/P17_netctlpan.xsl
    output: /xdisk/khasting/knodele/Mayo_human_data/peptides/P17_luksza_blast_input.txt
    jobid: 8
    wildcards: sample=P17

Submitted job 8 with external jobid 'Submitted batch job 1866159'.

[Fri Mar 15 16:43:35 2024]
rule blast_input:
    input: /xdisk/khasting/knodele/Mayo_human_data/peptides/P34_netctlpan.xsl
    output: /xdisk/khasting/knodele/Mayo_human_data/peptides/P34_luksza_blast_input.txt
    jobid: 28
    wildcards: sample=P34

Submitted job 28 with external jobid 'Submitted batch job 1866160'.

[Fri Mar 15 16:43:35 2024]
rule blast_input:
    input: /xdisk/khasting/knodele/Mayo_human_data/peptides/P37_netctlpan.xsl
    output: /xdisk/khasting/knodele/Mayo_human_data/peptides/P37_luksza_blast_input.txt
    jobid: 31
    wildcards: sample=P37

Submitted job 31 with external jobid 'Submitted batch job 1866161'.

[Fri Mar 15 16:43:35 2024]
rule blast_input:
    input: /xdisk/khasting/knodele/Mayo_human_data/peptides/P40_netctlpan.xsl
    output: /xdisk/khasting/knodele/Mayo_human_data/peptides/P40_luksza_blast_input.txt
    jobid: 36
    wildcards: sample=P40

Submitted job 36 with external jobid 'Submitted batch job 1866162'.

[Fri Mar 15 16:43:35 2024]
rule blast_input:
    input: /xdisk/khasting/knodele/Mayo_human_data/peptides/P32_netctlpan.xsl
    output: /xdisk/khasting/knodele/Mayo_human_data/peptides/P32_luksza_blast_input.txt
    jobid: 26
    wildcards: sample=P32

Submitted job 26 with external jobid 'Submitted batch job 1866163'.

[Fri Mar 15 16:43:35 2024]
rule blast_input:
    input: /xdisk/khasting/knodele/Mayo_human_data/peptides/P42_netctlpan.xsl
    output: /xdisk/khasting/knodele/Mayo_human_data/peptides/P42_luksza_blast_input.txt
    jobid: 38
    wildcards: sample=P42

Submitted job 38 with external jobid 'Submitted batch job 1866164'.

[Fri Mar 15 16:43:35 2024]
rule blast_input:
    input: /xdisk/khasting/knodele/Mayo_human_data/peptides/P47_netctlpan.xsl
    output: /xdisk/khasting/knodele/Mayo_human_data/peptides/P47_luksza_blast_input.txt
    jobid: 42
    wildcards: sample=P47

Submitted job 42 with external jobid 'Submitted batch job 1866165'.

[Fri Mar 15 16:43:35 2024]
rule blast_input:
    input: /xdisk/khasting/knodele/Mayo_human_data/peptides/P50_netctlpan.xsl
    output: /xdisk/khasting/knodele/Mayo_human_data/peptides/P50_luksza_blast_input.txt
    jobid: 46
    wildcards: sample=P50

Submitted job 46 with external jobid 'Submitted batch job 1866166'.

[Fri Mar 15 16:43:35 2024]
rule blast_input:
    input: /xdisk/khasting/knodele/Mayo_human_data/peptides/P22_netctlpan.xsl
    output: /xdisk/khasting/knodele/Mayo_human_data/peptides/P22_luksza_blast_input.txt
    jobid: 14
    wildcards: sample=P22

Submitted job 14 with external jobid 'Submitted batch job 1866167'.

[Fri Mar 15 16:43:35 2024]
rule blast_input:
    input: /xdisk/khasting/knodele/Mayo_human_data/peptides/P58_netctlpan.xsl
    output: /xdisk/khasting/knodele/Mayo_human_data/peptides/P58_luksza_blast_input.txt
    jobid: 54
    wildcards: sample=P58

Submitted job 54 with external jobid 'Submitted batch job 1866168'.

[Fri Mar 15 16:43:35 2024]
rule blast_input:
    input: /xdisk/khasting/knodele/Mayo_human_data/peptides/P36_netctlpan.xsl
    output: /xdisk/khasting/knodele/Mayo_human_data/peptides/P36_luksza_blast_input.txt
    jobid: 30
    wildcards: sample=P36

Submitted job 30 with external jobid 'Submitted batch job 1866169'.

[Fri Mar 15 16:43:36 2024]
rule blast_input:
    input: /xdisk/khasting/knodele/Mayo_human_data/peptides/P2A_netctlpan.xsl
    output: /xdisk/khasting/knodele/Mayo_human_data/peptides/P2A_luksza_blast_input.txt
    jobid: 22
    wildcards: sample=P2A

Submitted job 22 with external jobid 'Submitted batch job 1866170'.

[Fri Mar 15 16:43:36 2024]
rule blast_input:
    input: /xdisk/khasting/knodele/Mayo_human_data/peptides/P6_netctlpan.xsl
    output: /xdisk/khasting/knodele/Mayo_human_data/peptides/P6_luksza_blast_input.txt
    jobid: 60
    wildcards: sample=P6

Submitted job 60 with external jobid 'Submitted batch job 1866171'.

[Fri Mar 15 16:43:36 2024]
rule blast_input:
    input: /xdisk/khasting/knodele/Mayo_human_data/peptides/P55_netctlpan.xsl
    output: /xdisk/khasting/knodele/Mayo_human_data/peptides/P55_luksza_blast_input.txt
    jobid: 51
    wildcards: sample=P55

Submitted job 51 with external jobid 'Submitted batch job 1866172'.

[Fri Mar 15 16:43:36 2024]
rule blast_input:
    input: /xdisk/khasting/knodele/Mayo_human_data/peptides/P15_netctlpan.xsl
    output: /xdisk/khasting/knodele/Mayo_human_data/peptides/P15_luksza_blast_input.txt
    jobid: 6
    wildcards: sample=P15

Submitted job 6 with external jobid 'Submitted batch job 1866173'.

[Fri Mar 15 16:43:36 2024]
rule blast_input:
    input: /xdisk/khasting/knodele/Mayo_human_data/peptides/P3_netctlpan.xsl
    output: /xdisk/khasting/knodele/Mayo_human_data/peptides/P3_luksza_blast_input.txt
    jobid: 35
    wildcards: sample=P3

Submitted job 35 with external jobid 'Submitted batch job 1866174'.

[Fri Mar 15 16:43:36 2024]
rule blast_input:
    input: /xdisk/khasting/knodele/Mayo_human_data/peptides/P29_netctlpan.xsl
    output: /xdisk/khasting/knodele/Mayo_human_data/peptides/P29_luksza_blast_input.txt
    jobid: 21
    wildcards: sample=P29

Submitted job 21 with external jobid 'Submitted batch job 1866175'.

[Fri Mar 15 16:43:36 2024]
rule blast_input:
    input: /xdisk/khasting/knodele/Mayo_human_data/peptides/P11_netctlpan.xsl
    output: /xdisk/khasting/knodele/Mayo_human_data/peptides/P11_luksza_blast_input.txt
    jobid: 2
    wildcards: sample=P11

Submitted job 2 with external jobid 'Submitted batch job 1866176'.

[Fri Mar 15 16:43:36 2024]
rule blast_input:
    input: /xdisk/khasting/knodele/Mayo_human_data/peptides/P23_netctlpan.xsl
    output: /xdisk/khasting/knodele/Mayo_human_data/peptides/P23_luksza_blast_input.txt
    jobid: 15
    wildcards: sample=P23

Submitted job 15 with external jobid 'Submitted batch job 1866177'.

[Fri Mar 15 16:43:36 2024]
rule blast_input:
    input: /xdisk/khasting/knodele/Mayo_human_data/peptides/P39B_netctlpan.xsl
    output: /xdisk/khasting/knodele/Mayo_human_data/peptides/P39B_luksza_blast_input.txt
    jobid: 34
    wildcards: sample=P39B

Submitted job 34 with external jobid 'Submitted batch job 1866178'.

[Fri Mar 15 16:43:37 2024]
rule blast_input:
    input: /xdisk/khasting/knodele/Mayo_human_data/peptides/P12_netctlpan.xsl
    output: /xdisk/khasting/knodele/Mayo_human_data/peptides/P12_luksza_blast_input.txt
    jobid: 3
    wildcards: sample=P12

Submitted job 3 with external jobid 'Submitted batch job 1866179'.

[Fri Mar 15 16:43:37 2024]
rule blast_input:
    input: /xdisk/khasting/knodele/Mayo_human_data/peptides/P24_netctlpan.xsl
    output: /xdisk/khasting/knodele/Mayo_human_data/peptides/P24_luksza_blast_input.txt
    jobid: 16
    wildcards: sample=P24

Submitted job 16 with external jobid 'Submitted batch job 1866180'.

[Fri Mar 15 16:43:37 2024]
rule blast_input:
    input: /xdisk/khasting/knodele/Mayo_human_data/peptides/P48_netctlpan.xsl
    output: /xdisk/khasting/knodele/Mayo_human_data/peptides/P48_luksza_blast_input.txt
    jobid: 43
    wildcards: sample=P48

Submitted job 43 with external jobid 'Submitted batch job 1866181'.

[Fri Mar 15 16:43:37 2024]
rule blast_input:
    input: /xdisk/khasting/knodele/Mayo_human_data/peptides/P9_netctlpan.xsl
    output: /xdisk/khasting/knodele/Mayo_human_data/peptides/P9_luksza_blast_input.txt
    jobid: 59
    wildcards: sample=P9

Submitted job 59 with external jobid 'Submitted batch job 1866182'.

[Fri Mar 15 16:43:37 2024]
rule blast_input:
    input: /xdisk/khasting/knodele/Mayo_human_data/peptides/P59_netctlpan.xsl
    output: /xdisk/khasting/knodele/Mayo_human_data/peptides/P59_luksza_blast_input.txt
    jobid: 55
    wildcards: sample=P59

Submitted job 55 with external jobid 'Submitted batch job 1866183'.

[Fri Mar 15 16:43:37 2024]
rule blast_input:
    input: /xdisk/khasting/knodele/Mayo_human_data/peptides/P54_netctlpan.xsl
    output: /xdisk/khasting/knodele/Mayo_human_data/peptides/P54_luksza_blast_input.txt
    jobid: 50
    wildcards: sample=P54

Submitted job 50 with external jobid 'Submitted batch job 1866184'.

[Fri Mar 15 16:43:37 2024]
rule blast_input:
    input: /xdisk/khasting/knodele/Mayo_human_data/peptides/P49_netctlpan.xsl
    output: /xdisk/khasting/knodele/Mayo_human_data/peptides/P49_luksza_blast_input.txt
    jobid: 44
    wildcards: sample=P49

Submitted job 44 with external jobid 'Submitted batch job 1866185'.

[Fri Mar 15 16:43:37 2024]
rule blast_input:
    input: /xdisk/khasting/knodele/Mayo_human_data/peptides/P35_netctlpan.xsl
    output: /xdisk/khasting/knodele/Mayo_human_data/peptides/P35_luksza_blast_input.txt
    jobid: 29
    wildcards: sample=P35

Submitted job 29 with external jobid 'Submitted batch job 1866186'.

[Fri Mar 15 16:43:37 2024]
rule blast_input:
    input: /xdisk/khasting/knodele/Mayo_human_data/peptides/P4_netctlpan.xsl
    output: /xdisk/khasting/knodele/Mayo_human_data/peptides/P4_luksza_blast_input.txt
    jobid: 45
    wildcards: sample=P4

Submitted job 45 with external jobid 'Submitted batch job 1866187'.

[Fri Mar 15 16:43:38 2024]
rule blast_input:
    input: /xdisk/khasting/knodele/Mayo_human_data/peptides/P31_netctlpan.xsl
    output: /xdisk/khasting/knodele/Mayo_human_data/peptides/P31_luksza_blast_input.txt
    jobid: 25
    wildcards: sample=P31

Submitted job 25 with external jobid 'Submitted batch job 1866188'.

[Fri Mar 15 16:43:38 2024]
rule blast_input:
    input: /xdisk/khasting/knodele/Mayo_human_data/peptides/P33_netctlpan.xsl
    output: /xdisk/khasting/knodele/Mayo_human_data/peptides/P33_luksza_blast_input.txt
    jobid: 27
    wildcards: sample=P33

Submitted job 27 with external jobid 'Submitted batch job 1866189'.

[Fri Mar 15 16:43:38 2024]
rule blast_input:
    input: /xdisk/khasting/knodele/Mayo_human_data/peptides/P27_netctlpan.xsl
    output: /xdisk/khasting/knodele/Mayo_human_data/peptides/P27_luksza_blast_input.txt
    jobid: 19
    wildcards: sample=P27

Submitted job 19 with external jobid 'Submitted batch job 1866190'.

[Fri Mar 15 16:43:38 2024]
rule blast_input:
    input: /xdisk/khasting/knodele/Mayo_human_data/peptides/P25_netctlpan.xsl
    output: /xdisk/khasting/knodele/Mayo_human_data/peptides/P25_luksza_blast_input.txt
    jobid: 17
    wildcards: sample=P25

Submitted job 17 with external jobid 'Submitted batch job 1866191'.

[Fri Mar 15 16:43:38 2024]
rule blast_input:
    input: /xdisk/khasting/knodele/Mayo_human_data/peptides/P38_netctlpan.xsl
    output: /xdisk/khasting/knodele/Mayo_human_data/peptides/P38_luksza_blast_input.txt
    jobid: 32
    wildcards: sample=P38

Submitted job 32 with external jobid 'Submitted batch job 1866192'.

[Fri Mar 15 16:43:38 2024]
rule blast_input:
    input: /xdisk/khasting/knodele/Mayo_human_data/peptides/P26_netctlpan.xsl
    output: /xdisk/khasting/knodele/Mayo_human_data/peptides/P26_luksza_blast_input.txt
    jobid: 18
    wildcards: sample=P26

Submitted job 18 with external jobid 'Submitted batch job 1866193'.

[Fri Mar 15 16:43:38 2024]
rule blast_input:
    input: /xdisk/khasting/knodele/Mayo_human_data/peptides/P41_netctlpan.xsl
    output: /xdisk/khasting/knodele/Mayo_human_data/peptides/P41_luksza_blast_input.txt
    jobid: 37
    wildcards: sample=P41

Submitted job 37 with external jobid 'Submitted batch job 1866194'.

[Fri Mar 15 16:43:38 2024]
rule blast_input:
    input: /xdisk/khasting/knodele/Mayo_human_data/peptides/P52_netctlpan.xsl
    output: /xdisk/khasting/knodele/Mayo_human_data/peptides/P52_luksza_blast_input.txt
    jobid: 48
    wildcards: sample=P52

Submitted job 48 with external jobid 'Submitted batch job 1866195'.

[Fri Mar 15 16:43:38 2024]
rule blast_input:
    input: /xdisk/khasting/knodele/Mayo_human_data/peptides/P53_netctlpan.xsl
    output: /xdisk/khasting/knodele/Mayo_human_data/peptides/P53_luksza_blast_input.txt
    jobid: 49
    wildcards: sample=P53

Submitted job 49 with external jobid 'Submitted batch job 1866196'.

[Fri Mar 15 16:43:39 2024]
rule blast_input:
    input: /xdisk/khasting/knodele/Mayo_human_data/peptides/P5_netctlpan.xsl
    output: /xdisk/khasting/knodele/Mayo_human_data/peptides/P5_luksza_blast_input.txt
    jobid: 56
    wildcards: sample=P5

Submitted job 56 with external jobid 'Submitted batch job 1866197'.

[Fri Mar 15 16:43:39 2024]
rule blast_input:
    input: /xdisk/khasting/knodele/Mayo_human_data/peptides/P10_netctlpan.xsl
    output: /xdisk/khasting/knodele/Mayo_human_data/peptides/P10_luksza_blast_input.txt
    jobid: 1
    wildcards: sample=P10

Submitted job 1 with external jobid 'Submitted batch job 1866198'.

[Fri Mar 15 16:43:39 2024]
rule blast_input:
    input: /xdisk/khasting/knodele/Mayo_human_data/peptides/P19_netctlpan.xsl
    output: /xdisk/khasting/knodele/Mayo_human_data/peptides/P19_luksza_blast_input.txt
    jobid: 10
    wildcards: sample=P19

Submitted job 10 with external jobid 'Submitted batch job 1866199'.

[Fri Mar 15 16:43:39 2024]
rule blast_input:
    input: /xdisk/khasting/knodele/Mayo_human_data/peptides/P46_netctlpan.xsl
    output: /xdisk/khasting/knodele/Mayo_human_data/peptides/P46_luksza_blast_input.txt
    jobid: 41
    wildcards: sample=P46

Submitted job 41 with external jobid 'Submitted batch job 1866200'.

[Fri Mar 15 16:43:39 2024]
rule blast_input:
    input: /xdisk/khasting/knodele/Mayo_human_data/peptides/P14_netctlpan.xsl
    output: /xdisk/khasting/knodele/Mayo_human_data/peptides/P14_luksza_blast_input.txt
    jobid: 5
    wildcards: sample=P14

Submitted job 5 with external jobid 'Submitted batch job 1866201'.

[Fri Mar 15 16:43:39 2024]
rule blast_input:
    input: /xdisk/khasting/knodele/Mayo_human_data/peptides/P56_netctlpan.xsl
    output: /xdisk/khasting/knodele/Mayo_human_data/peptides/P56_luksza_blast_input.txt
    jobid: 52
    wildcards: sample=P56

Submitted job 52 with external jobid 'Submitted batch job 1866202'.

[Fri Mar 15 16:43:39 2024]
rule blast_input:
    input: /xdisk/khasting/knodele/Mayo_human_data/peptides/P1_netctlpan.xsl
    output: /xdisk/khasting/knodele/Mayo_human_data/peptides/P1_luksza_blast_input.txt
    jobid: 11
    wildcards: sample=P1

Submitted job 11 with external jobid 'Submitted batch job 1866203'.

[Fri Mar 15 16:43:39 2024]
rule blast_input:
    input: /xdisk/khasting/knodele/Mayo_human_data/peptides/P44_netctlpan.xsl
    output: /xdisk/khasting/knodele/Mayo_human_data/peptides/P44_luksza_blast_input.txt
    jobid: 61
    wildcards: sample=P44

Submitted job 61 with external jobid 'Submitted batch job 1866204'.

[Fri Mar 15 16:43:39 2024]
rule blast_input:
    input: /xdisk/khasting/knodele/Mayo_human_data/peptides/P18_netctlpan.xsl
    output: /xdisk/khasting/knodele/Mayo_human_data/peptides/P18_luksza_blast_input.txt
    jobid: 9
    wildcards: sample=P18

Submitted job 9 with external jobid 'Submitted batch job 1866205'.

[Fri Mar 15 16:43:40 2024]
rule blast_input:
    input: /xdisk/khasting/knodele/Mayo_human_data/peptides/P28_netctlpan.xsl
    output: /xdisk/khasting/knodele/Mayo_human_data/peptides/P28_luksza_blast_input.txt
    jobid: 20
    wildcards: sample=P28

Submitted job 20 with external jobid 'Submitted batch job 1866206'.

[Fri Mar 15 16:43:40 2024]
rule blast_input:
    input: /xdisk/khasting/knodele/Mayo_human_data/peptides/P16_netctlpan.xsl
    output: /xdisk/khasting/knodele/Mayo_human_data/peptides/P16_luksza_blast_input.txt
    jobid: 7
    wildcards: sample=P16

Submitted job 7 with external jobid 'Submitted batch job 1866207'.

[Fri Mar 15 16:43:40 2024]
rule blast_input:
    input: /xdisk/khasting/knodele/Mayo_human_data/peptides/P43_netctlpan.xsl
    output: /xdisk/khasting/knodele/Mayo_human_data/peptides/P43_luksza_blast_input.txt
    jobid: 39
    wildcards: sample=P43

Submitted job 39 with external jobid 'Submitted batch job 1866208'.

[Fri Mar 15 16:43:40 2024]
rule blast_input:
    input: /xdisk/khasting/knodele/Mayo_human_data/peptides/P8_netctlpan.xsl
    output: /xdisk/khasting/knodele/Mayo_human_data/peptides/P8_luksza_blast_input.txt
    jobid: 58
    wildcards: sample=P8

Submitted job 58 with external jobid 'Submitted batch job 1866209'.

[Fri Mar 15 16:43:40 2024]
rule blast_input:
    input: /xdisk/khasting/knodele/Mayo_human_data/peptides/P7_netctlpan.xsl
    output: /xdisk/khasting/knodele/Mayo_human_data/peptides/P7_luksza_blast_input.txt
    jobid: 57
    wildcards: sample=P7

Submitted job 57 with external jobid 'Submitted batch job 1866210'.
Waiting at most 5 seconds for missing files.
MissingOutputException in line 19 of /home/u1/knodele/Immunoediting_Human_cSCC/10_Luksza_model_calculations/luksza.snakefile:
Job completed successfully, but some output files are missing. Missing files after 5 seconds:
/xdisk/khasting/knodele/Mayo_human_data/peptides/P39A_luksza_blast_input.txt
This might be due to filesystem latency. If that is the case, consider to increase the wait time with --latency-wait.
Waiting at most 5 seconds for missing files.
MissingOutputException in line 19 of /home/u1/knodele/Immunoediting_Human_cSCC/10_Luksza_model_calculations/luksza.snakefile:
Job completed successfully, but some output files are missing. Missing files after 5 seconds:
/xdisk/khasting/knodele/Mayo_human_data/peptides/P2B_luksza_blast_input.txt
This might be due to filesystem latency. If that is the case, consider to increase the wait time with --latency-wait.
Waiting at most 5 seconds for missing files.
MissingOutputException in line 19 of /home/u1/knodele/Immunoediting_Human_cSCC/10_Luksza_model_calculations/luksza.snakefile:
Job completed successfully, but some output files are missing. Missing files after 5 seconds:
/xdisk/khasting/knodele/Mayo_human_data/peptides/P57_luksza_blast_input.txt
This might be due to filesystem latency. If that is the case, consider to increase the wait time with --latency-wait.
Waiting at most 5 seconds for missing files.
MissingOutputException in line 19 of /home/u1/knodele/Immunoediting_Human_cSCC/10_Luksza_model_calculations/luksza.snakefile:
Job completed successfully, but some output files are missing. Missing files after 5 seconds:

This might be due to filesystem latency. If that is the case, consider to increase the wait time with --latency-wait.
[Fri Mar 15 16:44:04 2024]
Finished job 24.
1 of 62 steps (2%) done
[Fri Mar 15 16:44:04 2024]
Finished job 40.
2 of 62 steps (3%) done
[Fri Mar 15 16:44:04 2024]
Finished job 12.
3 of 62 steps (5%) done
[Fri Mar 15 16:44:04 2024]
Finished job 4.
4 of 62 steps (6%) done
[Fri Mar 15 16:44:04 2024]
Finished job 47.
5 of 62 steps (8%) done
[Fri Mar 15 16:44:04 2024]
Finished job 8.
6 of 62 steps (10%) done
[Fri Mar 15 16:44:04 2024]
Finished job 28.
7 of 62 steps (11%) done
[Fri Mar 15 16:44:04 2024]
Finished job 31.
8 of 62 steps (13%) done
[Fri Mar 15 16:44:04 2024]
Finished job 36.
9 of 62 steps (15%) done
[Fri Mar 15 16:44:05 2024]
Finished job 26.
10 of 62 steps (16%) done
[Fri Mar 15 16:44:05 2024]
Finished job 38.
11 of 62 steps (18%) done
[Fri Mar 15 16:44:05 2024]
Finished job 42.
12 of 62 steps (19%) done
[Fri Mar 15 16:44:05 2024]
Finished job 46.
13 of 62 steps (21%) done
[Fri Mar 15 16:44:05 2024]
Finished job 14.
14 of 62 steps (23%) done
[Fri Mar 15 16:44:05 2024]
Finished job 54.
15 of 62 steps (24%) done
[Fri Mar 15 16:44:05 2024]
Finished job 30.
16 of 62 steps (26%) done
[Fri Mar 15 16:44:05 2024]
Finished job 22.
17 of 62 steps (27%) done
[Fri Mar 15 16:44:05 2024]
Finished job 60.
18 of 62 steps (29%) done
[Fri Mar 15 16:44:05 2024]
Finished job 51.
19 of 62 steps (31%) done
[Fri Mar 15 16:44:06 2024]
Finished job 6.
20 of 62 steps (32%) done
[Fri Mar 15 16:44:06 2024]
Finished job 35.
21 of 62 steps (34%) done
[Fri Mar 15 16:44:06 2024]
Finished job 21.
22 of 62 steps (35%) done
[Fri Mar 15 16:44:06 2024]
Finished job 2.
23 of 62 steps (37%) done
[Fri Mar 15 16:44:06 2024]
Finished job 15.
24 of 62 steps (39%) done
[Fri Mar 15 16:44:06 2024]
Finished job 34.
25 of 62 steps (40%) done
[Fri Mar 15 16:44:06 2024]
Finished job 3.
26 of 62 steps (42%) done
[Fri Mar 15 16:44:06 2024]
Finished job 16.
27 of 62 steps (44%) done
[Fri Mar 15 16:44:06 2024]
Finished job 43.
28 of 62 steps (45%) done
[Fri Mar 15 16:44:06 2024]
Finished job 59.
29 of 62 steps (47%) done
[Fri Mar 15 16:44:07 2024]
Finished job 55.
30 of 62 steps (48%) done
[Fri Mar 15 16:44:07 2024]
Finished job 50.
31 of 62 steps (50%) done
[Fri Mar 15 16:44:07 2024]
Finished job 44.
32 of 62 steps (52%) done
[Fri Mar 15 16:44:07 2024]
Finished job 29.
33 of 62 steps (53%) done
[Fri Mar 15 16:44:07 2024]
Finished job 45.
34 of 62 steps (55%) done
[Fri Mar 15 16:44:07 2024]
Finished job 25.
35 of 62 steps (56%) done
[Fri Mar 15 16:44:07 2024]
Finished job 27.
36 of 62 steps (58%) done
[Fri Mar 15 16:44:07 2024]
Finished job 19.
37 of 62 steps (60%) done
[Fri Mar 15 16:44:07 2024]
Finished job 17.
38 of 62 steps (61%) done
[Fri Mar 15 16:44:08 2024]
Finished job 32.
39 of 62 steps (63%) done
[Fri Mar 15 16:44:08 2024]
Finished job 18.
40 of 62 steps (65%) done
[Fri Mar 15 16:44:08 2024]
Finished job 37.
41 of 62 steps (66%) done
[Fri Mar 15 16:44:08 2024]
Finished job 48.
42 of 62 steps (68%) done
[Fri Mar 15 16:44:08 2024]
Finished job 49.
43 of 62 steps (69%) done
[Fri Mar 15 16:44:08 2024]
Finished job 56.
44 of 62 steps (71%) done
[Fri Mar 15 16:44:08 2024]
Finished job 1.
45 of 62 steps (73%) done
[Fri Mar 15 16:44:08 2024]
Finished job 10.
46 of 62 steps (74%) done
[Fri Mar 15 16:44:08 2024]
Finished job 41.
47 of 62 steps (76%) done
[Fri Mar 15 16:44:09 2024]
Finished job 5.
48 of 62 steps (77%) done
[Fri Mar 15 16:44:09 2024]
Finished job 52.
49 of 62 steps (79%) done
[Fri Mar 15 16:44:09 2024]
Finished job 11.
50 of 62 steps (81%) done
[Fri Mar 15 16:44:09 2024]
Finished job 61.
51 of 62 steps (82%) done
[Fri Mar 15 16:44:09 2024]
Finished job 9.
52 of 62 steps (84%) done
[Fri Mar 15 16:44:09 2024]
Finished job 20.
53 of 62 steps (85%) done
[Fri Mar 15 16:44:09 2024]
Finished job 7.
54 of 62 steps (87%) done
[Fri Mar 15 16:44:09 2024]
Finished job 39.
55 of 62 steps (89%) done
[Fri Mar 15 16:44:09 2024]
Finished job 58.
56 of 62 steps (90%) done
[Fri Mar 15 16:44:10 2024]
Finished job 57.
57 of 62 steps (92%) done
Shutting down, this might take some time.
Exiting because a job execution failed. Look above for error message
Complete log: /home/u1/knodele/Immunoediting_Human_cSCC/10_Luksza_model_calculations/.snakemake/log/2024-03-15T164334.390424.snakemake.log
