Building DAG of jobs...
Using shell: /usr/bin/bash
Provided cluster nodes: 70
Job counts:
	count	jobs
	1	all
	59	calculate_EC
	60

[Thu Feb  6 13:59:39 2025]
rule calculate_EC:
    input: /xdisk/khasting/knodele/Mayo_data/Characteristics_tables/P002_peptides_kd_stab.txt
    output: /xdisk/khasting/knodele/Mayo_data/Characteristics_tables/P002_all_characteristics_add_EC.csv
    jobid: 10
    wildcards: sample=P002

Submitted job 10 with external jobid 'Submitted batch job 3660591'.

[Thu Feb  6 13:59:39 2025]
rule calculate_EC:
    input: /xdisk/khasting/knodele/Mayo_data/Characteristics_tables/P57_peptides_kd_stab.txt
    output: /xdisk/khasting/knodele/Mayo_data/Characteristics_tables/P57_all_characteristics_add_EC.csv
    jobid: 26
    wildcards: sample=P57

Submitted job 26 with external jobid 'Submitted batch job 3660592'.

[Thu Feb  6 13:59:40 2025]
rule calculate_EC:
    input: /xdisk/khasting/knodele/Mayo_data/Characteristics_tables/P015_peptides_kd_stab.txt
    output: /xdisk/khasting/knodele/Mayo_data/Characteristics_tables/P015_all_characteristics_add_EC.csv
    jobid: 36
    wildcards: sample=P015

Submitted job 36 with external jobid 'Submitted batch job 3660593'.

[Thu Feb  6 13:59:40 2025]
rule calculate_EC:
    input: /xdisk/khasting/knodele/Mayo_data/Characteristics_tables/P055_peptides_kd_stab.txt
    output: /xdisk/khasting/knodele/Mayo_data/Characteristics_tables/P055_all_characteristics_add_EC.csv
    jobid: 2
    wildcards: sample=P055

Submitted job 2 with external jobid 'Submitted batch job 3660594'.

[Thu Feb  6 13:59:40 2025]
rule calculate_EC:
    input: /xdisk/khasting/knodele/Mayo_data/Characteristics_tables/P083_peptides_kd_stab.txt
    output: /xdisk/khasting/knodele/Mayo_data/Characteristics_tables/P083_all_characteristics_add_EC.csv
    jobid: 20
    wildcards: sample=P083

Submitted job 20 with external jobid 'Submitted batch job 3660595'.

[Thu Feb  6 13:59:40 2025]
rule calculate_EC:
    input: /xdisk/khasting/knodele/Mayo_data/Characteristics_tables/P17_peptides_kd_stab.txt
    output: /xdisk/khasting/knodele/Mayo_data/Characteristics_tables/P17_all_characteristics_add_EC.csv
    jobid: 38
    wildcards: sample=P17

Submitted job 38 with external jobid 'Submitted batch job 3660596'.

[Thu Feb  6 13:59:40 2025]
rule calculate_EC:
    input: /xdisk/khasting/knodele/Mayo_data/Characteristics_tables/P2B_peptides_kd_stab.txt
    output: /xdisk/khasting/knodele/Mayo_data/Characteristics_tables/P2B_all_characteristics_add_EC.csv
    jobid: 40
    wildcards: sample=P2B

Submitted job 40 with external jobid 'Submitted batch job 3660597'.

[Thu Feb  6 13:59:40 2025]
rule calculate_EC:
    input: /xdisk/khasting/knodele/Mayo_data/Characteristics_tables/P40_peptides_kd_stab.txt
    output: /xdisk/khasting/knodele/Mayo_data/Characteristics_tables/P40_all_characteristics_add_EC.csv
    jobid: 16
    wildcards: sample=P40

Submitted job 16 with external jobid 'Submitted batch job 3660598'.

[Thu Feb  6 13:59:40 2025]
rule calculate_EC:
    input: /xdisk/khasting/knodele/Mayo_data/Characteristics_tables/P49_peptides_kd_stab.txt
    output: /xdisk/khasting/knodele/Mayo_data/Characteristics_tables/P49_all_characteristics_add_EC.csv
    jobid: 50
    wildcards: sample=P49

Submitted job 50 with external jobid 'Submitted batch job 3660599'.

[Thu Feb  6 13:59:40 2025]
rule calculate_EC:
    input: /xdisk/khasting/knodele/Mayo_data/Characteristics_tables/P004_peptides_kd_stab.txt
    output: /xdisk/khasting/knodele/Mayo_data/Characteristics_tables/P004_all_characteristics_add_EC.csv
    jobid: 19
    wildcards: sample=P004

Submitted job 19 with external jobid 'Submitted batch job 3660600'.

[Thu Feb  6 13:59:40 2025]
rule calculate_EC:
    input: /xdisk/khasting/knodele/Mayo_data/Characteristics_tables/P58_peptides_kd_stab.txt
    output: /xdisk/khasting/knodele/Mayo_data/Characteristics_tables/P58_all_characteristics_add_EC.csv
    jobid: 35
    wildcards: sample=P58

Submitted job 35 with external jobid 'Submitted batch job 3660601'.

[Thu Feb  6 13:59:41 2025]
rule calculate_EC:
    input: /xdisk/khasting/knodele/Mayo_data/Characteristics_tables/P017_peptides_kd_stab.txt
    output: /xdisk/khasting/knodele/Mayo_data/Characteristics_tables/P017_all_characteristics_add_EC.csv
    jobid: 44
    wildcards: sample=P017

Submitted job 44 with external jobid 'Submitted batch job 3660602'.

[Thu Feb  6 13:59:41 2025]
rule calculate_EC:
    input: /xdisk/khasting/knodele/Mayo_data/Characteristics_tables/P8_peptides_kd_stab.txt
    output: /xdisk/khasting/knodele/Mayo_data/Characteristics_tables/P8_all_characteristics_add_EC.csv
    jobid: 18
    wildcards: sample=P8

Submitted job 18 with external jobid 'Submitted batch job 3660603'.

[Thu Feb  6 13:59:41 2025]
rule calculate_EC:
    input: /xdisk/khasting/knodele/Mayo_data/Characteristics_tables/P38_peptides_kd_stab.txt
    output: /xdisk/khasting/knodele/Mayo_data/Characteristics_tables/P38_all_characteristics_add_EC.csv
    jobid: 41
    wildcards: sample=P38

Submitted job 41 with external jobid 'Submitted batch job 3660604'.

[Thu Feb  6 13:59:41 2025]
rule calculate_EC:
    input: /xdisk/khasting/knodele/Mayo_data/Characteristics_tables/P34_peptides_kd_stab.txt
    output: /xdisk/khasting/knodele/Mayo_data/Characteristics_tables/P34_all_characteristics_add_EC.csv
    jobid: 6
    wildcards: sample=P34

Submitted job 6 with external jobid 'Submitted batch job 3660605'.

[Thu Feb  6 13:59:41 2025]
rule calculate_EC:
    input: /xdisk/khasting/knodele/Mayo_data/Characteristics_tables/P28_peptides_kd_stab.txt
    output: /xdisk/khasting/knodele/Mayo_data/Characteristics_tables/P28_all_characteristics_add_EC.csv
    jobid: 23
    wildcards: sample=P28

Submitted job 23 with external jobid 'Submitted batch job 3660606'.

[Thu Feb  6 13:59:41 2025]
rule calculate_EC:
    input: /xdisk/khasting/knodele/Mayo_data/Characteristics_tables/P169_peptides_kd_stab.txt
    output: /xdisk/khasting/knodele/Mayo_data/Characteristics_tables/P169_all_characteristics_add_EC.csv
    jobid: 30
    wildcards: sample=P169

Submitted job 30 with external jobid 'Submitted batch job 3660607'.

[Thu Feb  6 13:59:41 2025]
rule calculate_EC:
    input: /xdisk/khasting/knodele/Mayo_data/Characteristics_tables/P182_peptides_kd_stab.txt
    output: /xdisk/khasting/knodele/Mayo_data/Characteristics_tables/P182_all_characteristics_add_EC.csv
    jobid: 46
    wildcards: sample=P182

Submitted job 46 with external jobid 'Submitted batch job 3660608'.

[Thu Feb  6 13:59:41 2025]
rule calculate_EC:
    input: /xdisk/khasting/knodele/Mayo_data/Characteristics_tables/P4_peptides_kd_stab.txt
    output: /xdisk/khasting/knodele/Mayo_data/Characteristics_tables/P4_all_characteristics_add_EC.csv
    jobid: 58
    wildcards: sample=P4

Submitted job 58 with external jobid 'Submitted batch job 3660609'.

[Thu Feb  6 13:59:41 2025]
rule calculate_EC:
    input: /xdisk/khasting/knodele/Mayo_data/Characteristics_tables/P59_peptides_kd_stab.txt
    output: /xdisk/khasting/knodele/Mayo_data/Characteristics_tables/P59_all_characteristics_add_EC.csv
    jobid: 43
    wildcards: sample=P59

Submitted job 43 with external jobid 'Submitted batch job 3660610'.

[Thu Feb  6 13:59:42 2025]
rule calculate_EC:
    input: /xdisk/khasting/knodele/Mayo_data/Characteristics_tables/P26_peptides_kd_stab.txt
    output: /xdisk/khasting/knodele/Mayo_data/Characteristics_tables/P26_all_characteristics_add_EC.csv
    jobid: 5
    wildcards: sample=P26

Submitted job 5 with external jobid 'Submitted batch job 3660611'.

[Thu Feb  6 13:59:42 2025]
rule calculate_EC:
    input: /xdisk/khasting/knodele/Mayo_data/Characteristics_tables/P5_peptides_kd_stab.txt
    output: /xdisk/khasting/knodele/Mayo_data/Characteristics_tables/P5_all_characteristics_add_EC.csv
    jobid: 51
    wildcards: sample=P5

Submitted job 51 with external jobid 'Submitted batch job 3660612'.

[Thu Feb  6 13:59:42 2025]
rule calculate_EC:
    input: /xdisk/khasting/knodele/Mayo_data/Characteristics_tables/P6_peptides_kd_stab.txt
    output: /xdisk/khasting/knodele/Mayo_data/Characteristics_tables/P6_all_characteristics_add_EC.csv
    jobid: 59
    wildcards: sample=P6

Submitted job 59 with external jobid 'Submitted batch job 3660613'.

[Thu Feb  6 13:59:42 2025]
rule calculate_EC:
    input: /xdisk/khasting/knodele/Mayo_data/Characteristics_tables/P24_peptides_kd_stab.txt
    output: /xdisk/khasting/knodele/Mayo_data/Characteristics_tables/P24_all_characteristics_add_EC.csv
    jobid: 47
    wildcards: sample=P24

Submitted job 47 with external jobid 'Submitted batch job 3660614'.

[Thu Feb  6 13:59:42 2025]
rule calculate_EC:
    input: /xdisk/khasting/knodele/Mayo_data/Characteristics_tables/P183_peptides_kd_stab.txt
    output: /xdisk/khasting/knodele/Mayo_data/Characteristics_tables/P183_all_characteristics_add_EC.csv
    jobid: 54
    wildcards: sample=P183

Submitted job 54 with external jobid 'Submitted batch job 3660615'.

[Thu Feb  6 13:59:42 2025]
rule calculate_EC:
    input: /xdisk/khasting/knodele/Mayo_data/Characteristics_tables/P9_peptides_kd_stab.txt
    output: /xdisk/khasting/knodele/Mayo_data/Characteristics_tables/P9_all_characteristics_add_EC.csv
    jobid: 27
    wildcards: sample=P9

Submitted job 27 with external jobid 'Submitted batch job 3660616'.

[Thu Feb  6 13:59:42 2025]
rule calculate_EC:
    input: /xdisk/khasting/knodele/Mayo_data/Characteristics_tables/P35_peptides_kd_stab.txt
    output: /xdisk/khasting/knodele/Mayo_data/Characteristics_tables/P35_all_characteristics_add_EC.csv
    jobid: 15
    wildcards: sample=P35

Submitted job 15 with external jobid 'Submitted batch job 3660617'.

[Thu Feb  6 13:59:42 2025]
rule calculate_EC:
    input: /xdisk/khasting/knodele/Mayo_data/Characteristics_tables/P27_peptides_kd_stab.txt
    output: /xdisk/khasting/knodele/Mayo_data/Characteristics_tables/P27_all_characteristics_add_EC.csv
    jobid: 14
    wildcards: sample=P27

Submitted job 14 with external jobid 'Submitted batch job 3660618'.

[Thu Feb  6 13:59:42 2025]
rule calculate_EC:
    input: /xdisk/khasting/knodele/Mayo_data/Characteristics_tables/P164_peptides_kd_stab.txt
    output: /xdisk/khasting/knodele/Mayo_data/Characteristics_tables/P164_all_characteristics_add_EC.csv
    jobid: 21
    wildcards: sample=P164

Submitted job 21 with external jobid 'Submitted batch job 3660619'.

[Thu Feb  6 13:59:42 2025]
rule calculate_EC:
    input: /xdisk/khasting/knodele/Mayo_data/Characteristics_tables/P138_peptides_kd_stab.txt
    output: /xdisk/khasting/knodele/Mayo_data/Characteristics_tables/P138_all_characteristics_add_EC.csv
    jobid: 53
    wildcards: sample=P138

Submitted job 53 with external jobid 'Submitted batch job 3660620'.

[Thu Feb  6 13:59:43 2025]
rule calculate_EC:
    input: /xdisk/khasting/knodele/Mayo_data/Characteristics_tables/P133_peptides_kd_stab.txt
    output: /xdisk/khasting/knodele/Mayo_data/Characteristics_tables/P133_all_characteristics_add_EC.csv
    jobid: 45
    wildcards: sample=P133

Submitted job 45 with external jobid 'Submitted batch job 3660621'.

[Thu Feb  6 13:59:43 2025]
rule calculate_EC:
    input: /xdisk/khasting/knodele/Mayo_data/Characteristics_tables/P55_peptides_kd_stab.txt
    output: /xdisk/khasting/knodele/Mayo_data/Characteristics_tables/P55_all_characteristics_add_EC.csv
    jobid: 17
    wildcards: sample=P55

Submitted job 17 with external jobid 'Submitted batch job 3660622'.

[Thu Feb  6 13:59:43 2025]
rule calculate_EC:
    input: /xdisk/khasting/knodele/Mayo_data/Characteristics_tables/P18_peptides_kd_stab.txt
    output: /xdisk/khasting/knodele/Mayo_data/Characteristics_tables/P18_all_characteristics_add_EC.csv
    jobid: 4
    wildcards: sample=P18

Submitted job 4 with external jobid 'Submitted batch job 3660623'.

[Thu Feb  6 13:59:43 2025]
rule calculate_EC:
    input: /xdisk/khasting/knodele/Mayo_data/Characteristics_tables/P39A_peptides_kd_stab.txt
    output: /xdisk/khasting/knodele/Mayo_data/Characteristics_tables/P39A_all_characteristics_add_EC.csv
    jobid: 49
    wildcards: sample=P39A

Submitted job 49 with external jobid 'Submitted batch job 3660624'.

[Thu Feb  6 13:59:43 2025]
rule calculate_EC:
    input: /xdisk/khasting/knodele/Mayo_data/Characteristics_tables/P48_peptides_kd_stab.txt
    output: /xdisk/khasting/knodele/Mayo_data/Characteristics_tables/P48_all_characteristics_add_EC.csv
    jobid: 42
    wildcards: sample=P48

Submitted job 42 with external jobid 'Submitted batch job 3660625'.

[Thu Feb  6 13:59:43 2025]
rule calculate_EC:
    input: /xdisk/khasting/knodele/Mayo_data/Characteristics_tables/P13_peptides_kd_stab.txt
    output: /xdisk/khasting/knodele/Mayo_data/Characteristics_tables/P13_all_characteristics_add_EC.csv
    jobid: 3
    wildcards: sample=P13

Submitted job 3 with external jobid 'Submitted batch job 3660626'.

[Thu Feb  6 13:59:43 2025]
rule calculate_EC:
    input: /xdisk/khasting/knodele/Mayo_data/Characteristics_tables/P54_peptides_kd_stab.txt
    output: /xdisk/khasting/knodele/Mayo_data/Characteristics_tables/P54_all_characteristics_add_EC.csv
    jobid: 8
    wildcards: sample=P54

Submitted job 8 with external jobid 'Submitted batch job 3660627'.

[Thu Feb  6 13:59:43 2025]
rule calculate_EC:
    input: /xdisk/khasting/knodele/Mayo_data/Characteristics_tables/P19_peptides_kd_stab.txt
    output: /xdisk/khasting/knodele/Mayo_data/Characteristics_tables/P19_all_characteristics_add_EC.csv
    jobid: 13
    wildcards: sample=P19

Submitted job 13 with external jobid 'Submitted batch job 3660628'.

[Thu Feb  6 13:59:43 2025]
rule calculate_EC:
    input: /xdisk/khasting/knodele/Mayo_data/Characteristics_tables/P23_peptides_kd_stab.txt
    output: /xdisk/khasting/knodele/Mayo_data/Characteristics_tables/P23_all_characteristics_add_EC.csv
    jobid: 39
    wildcards: sample=P23

Submitted job 39 with external jobid 'Submitted batch job 3660629'.

[Thu Feb  6 13:59:43 2025]
rule calculate_EC:
    input: /xdisk/khasting/knodele/Mayo_data/Characteristics_tables/P113_peptides_kd_stab.txt
    output: /xdisk/khasting/knodele/Mayo_data/Characteristics_tables/P113_all_characteristics_add_EC.csv
    jobid: 29
    wildcards: sample=P113

Submitted job 29 with external jobid 'Submitted batch job 3660630'.

[Thu Feb  6 13:59:44 2025]
rule calculate_EC:
    input: /xdisk/khasting/knodele/Mayo_data/Characteristics_tables/P3_peptides_kd_stab.txt
    output: /xdisk/khasting/knodele/Mayo_data/Characteristics_tables/P3_all_characteristics_add_EC.csv
    jobid: 7
    wildcards: sample=P3

Submitted job 7 with external jobid 'Submitted batch job 3660631'.

[Thu Feb  6 13:59:44 2025]
rule calculate_EC:
    input: /xdisk/khasting/knodele/Mayo_data/Characteristics_tables/P22_peptides_kd_stab.txt
    output: /xdisk/khasting/knodele/Mayo_data/Characteristics_tables/P22_all_characteristics_add_EC.csv
    jobid: 31
    wildcards: sample=P22

Submitted job 31 with external jobid 'Submitted batch job 3660632'.

[Thu Feb  6 13:59:44 2025]
rule calculate_EC:
    input: /xdisk/khasting/knodele/Mayo_data/Characteristics_tables/P14_peptides_kd_stab.txt
    output: /xdisk/khasting/knodele/Mayo_data/Characteristics_tables/P14_all_characteristics_add_EC.csv
    jobid: 12
    wildcards: sample=P14

Submitted job 12 with external jobid 'Submitted batch job 3660633'.

[Thu Feb  6 13:59:44 2025]
rule calculate_EC:
    input: /xdisk/khasting/knodele/Mayo_data/Characteristics_tables/P2A_peptides_kd_stab.txt
    output: /xdisk/khasting/knodele/Mayo_data/Characteristics_tables/P2A_all_characteristics_add_EC.csv
    jobid: 32
    wildcards: sample=P2A

Submitted job 32 with external jobid 'Submitted batch job 3660634'.

[Thu Feb  6 13:59:44 2025]
rule calculate_EC:
    input: /xdisk/khasting/knodele/Mayo_data/Characteristics_tables/P010_peptides_kd_stab.txt
    output: /xdisk/khasting/knodele/Mayo_data/Characteristics_tables/P010_all_characteristics_add_EC.csv
    jobid: 28
    wildcards: sample=P010

Submitted job 28 with external jobid 'Submitted batch job 3660635'.

[Thu Feb  6 13:59:44 2025]
rule calculate_EC:
    input: /xdisk/khasting/knodele/Mayo_data/Characteristics_tables/P33_peptides_kd_stab.txt
    output: /xdisk/khasting/knodele/Mayo_data/Characteristics_tables/P33_all_characteristics_add_EC.csv
    jobid: 56
    wildcards: sample=P33

Submitted job 56 with external jobid 'Submitted batch job 3660636'.

[Thu Feb  6 13:59:44 2025]
rule calculate_EC:
    input: /xdisk/khasting/knodele/Mayo_data/Characteristics_tables/P001_peptides_kd_stab.txt
    output: /xdisk/khasting/knodele/Mayo_data/Characteristics_tables/P001_all_characteristics_add_EC.csv
    jobid: 1
    wildcards: sample=P001

Submitted job 1 with external jobid 'Submitted batch job 3660637'.

[Thu Feb  6 13:59:44 2025]
rule calculate_EC:
    input: /xdisk/khasting/knodele/Mayo_data/Characteristics_tables/P36_peptides_kd_stab.txt
    output: /xdisk/khasting/knodele/Mayo_data/Characteristics_tables/P36_all_characteristics_add_EC.csv
    jobid: 24
    wildcards: sample=P36

Submitted job 24 with external jobid 'Submitted batch job 3660638'.

[Thu Feb  6 13:59:44 2025]
rule calculate_EC:
    input: /xdisk/khasting/knodele/Mayo_data/Characteristics_tables/P39B_peptides_kd_stab.txt
    output: /xdisk/khasting/knodele/Mayo_data/Characteristics_tables/P39B_all_characteristics_add_EC.csv
    jobid: 57
    wildcards: sample=P39B

Submitted job 57 with external jobid 'Submitted batch job 3660639'.

[Thu Feb  6 13:59:45 2025]
rule calculate_EC:
    input: /xdisk/khasting/knodele/Mayo_data/Characteristics_tables/P37_peptides_kd_stab.txt
    output: /xdisk/khasting/knodele/Mayo_data/Characteristics_tables/P37_all_characteristics_add_EC.csv
    jobid: 33
    wildcards: sample=P37

Submitted job 33 with external jobid 'Submitted batch job 3660640'.

[Thu Feb  6 13:59:45 2025]
rule calculate_EC:
    input: /xdisk/khasting/knodele/Mayo_data/Characteristics_tables/P25_peptides_kd_stab.txt
    output: /xdisk/khasting/knodele/Mayo_data/Characteristics_tables/P25_all_characteristics_add_EC.csv
    jobid: 55
    wildcards: sample=P25

Submitted job 55 with external jobid 'Submitted batch job 3660641'.

[Thu Feb  6 13:59:45 2025]
rule calculate_EC:
    input: /xdisk/khasting/knodele/Mayo_data/Characteristics_tables/P30_peptides_kd_stab.txt
    output: /xdisk/khasting/knodele/Mayo_data/Characteristics_tables/P30_all_characteristics_add_EC.csv
    jobid: 48
    wildcards: sample=P30

Submitted job 48 with external jobid 'Submitted batch job 3660642'.

[Thu Feb  6 13:59:45 2025]
rule calculate_EC:
    input: /xdisk/khasting/knodele/Mayo_data/Characteristics_tables/P050_peptides_kd_stab.txt
    output: /xdisk/khasting/knodele/Mayo_data/Characteristics_tables/P050_all_characteristics_add_EC.csv
    jobid: 52
    wildcards: sample=P050

Submitted job 52 with external jobid 'Submitted batch job 3660643'.

[Thu Feb  6 13:59:45 2025]
rule calculate_EC:
    input: /xdisk/khasting/knodele/Mayo_data/Characteristics_tables/P41_peptides_kd_stab.txt
    output: /xdisk/khasting/knodele/Mayo_data/Characteristics_tables/P41_all_characteristics_add_EC.csv
    jobid: 25
    wildcards: sample=P41

Submitted job 25 with external jobid 'Submitted batch job 3660644'.

[Thu Feb  6 13:59:45 2025]
rule calculate_EC:
    input: /xdisk/khasting/knodele/Mayo_data/Characteristics_tables/P11_peptides_kd_stab.txt
    output: /xdisk/khasting/knodele/Mayo_data/Characteristics_tables/P11_all_characteristics_add_EC.csv
    jobid: 37
    wildcards: sample=P11

Submitted job 37 with external jobid 'Submitted batch job 3660645'.

[Thu Feb  6 13:59:45 2025]
rule calculate_EC:
    input: /xdisk/khasting/knodele/Mayo_data/Characteristics_tables/P47_peptides_kd_stab.txt
    output: /xdisk/khasting/knodele/Mayo_data/Characteristics_tables/P47_all_characteristics_add_EC.csv
    jobid: 34
    wildcards: sample=P47

Submitted job 34 with external jobid 'Submitted batch job 3660646'.

[Thu Feb  6 13:59:45 2025]
rule calculate_EC:
    input: /xdisk/khasting/knodele/Mayo_data/Characteristics_tables/P062_peptides_kd_stab.txt
    output: /xdisk/khasting/knodele/Mayo_data/Characteristics_tables/P062_all_characteristics_add_EC.csv
    jobid: 11
    wildcards: sample=P062

Submitted job 11 with external jobid 'Submitted batch job 3660647'.

[Thu Feb  6 13:59:45 2025]
rule calculate_EC:
    input: /xdisk/khasting/knodele/Mayo_data/Characteristics_tables/P20_peptides_kd_stab.txt
    output: /xdisk/khasting/knodele/Mayo_data/Characteristics_tables/P20_all_characteristics_add_EC.csv
    jobid: 22
    wildcards: sample=P20

Submitted job 22 with external jobid 'Submitted batch job 3660648'.

[Thu Feb  6 13:59:46 2025]
rule calculate_EC:
    input: /xdisk/khasting/knodele/Mayo_data/Characteristics_tables/P7_peptides_kd_stab.txt
    output: /xdisk/khasting/knodele/Mayo_data/Characteristics_tables/P7_all_characteristics_add_EC.csv
    jobid: 9
    wildcards: sample=P7

Submitted job 9 with external jobid 'Submitted batch job 3660649'.
[Thu Feb  6 13:59:49 2025]
Finished job 10.
1 of 60 steps (2%) done
[Thu Feb  6 13:59:49 2025]
Finished job 26.
2 of 60 steps (3%) done
[Thu Feb  6 13:59:49 2025]
Finished job 36.
3 of 60 steps (5%) done
[Thu Feb  6 13:59:49 2025]
Finished job 2.
4 of 60 steps (7%) done
[Thu Feb  6 13:59:49 2025]
Finished job 20.
5 of 60 steps (8%) done
[Thu Feb  6 13:59:49 2025]
Finished job 38.
6 of 60 steps (10%) done
[Thu Feb  6 13:59:49 2025]
Finished job 40.
7 of 60 steps (12%) done
Waiting at most 5 seconds for missing files.
MissingOutputException in line 54 of /home/u1/knodele/Immunoediting_Human_cSCC/10_cross_reactivity_distance/luksza.snakefile:
Job completed successfully, but some output files are missing. Missing files after 5 seconds:
/xdisk/khasting/knodele/Mayo_data/Characteristics_tables/P017_all_characteristics_add_EC.csv
This might be due to filesystem latency. If that is the case, consider to increase the wait time with --latency-wait.
Waiting at most 5 seconds for missing files.
MissingOutputException in line 54 of /home/u1/knodele/Immunoediting_Human_cSCC/10_cross_reactivity_distance/luksza.snakefile:
Job completed successfully, but some output files are missing. Missing files after 5 seconds:
/xdisk/khasting/knodele/Mayo_data/Characteristics_tables/P8_all_characteristics_add_EC.csv
This might be due to filesystem latency. If that is the case, consider to increase the wait time with --latency-wait.
Waiting at most 5 seconds for missing files.
MissingOutputException in line 54 of /home/u1/knodele/Immunoediting_Human_cSCC/10_cross_reactivity_distance/luksza.snakefile:
Job completed successfully, but some output files are missing. Missing files after 5 seconds:
/xdisk/khasting/knodele/Mayo_data/Characteristics_tables/P38_all_characteristics_add_EC.csv
This might be due to filesystem latency. If that is the case, consider to increase the wait time with --latency-wait.
Waiting at most 5 seconds for missing files.
[Thu Feb  6 14:00:10 2025]
Finished job 6.
8 of 60 steps (13%) done
[Thu Feb  6 14:00:10 2025]
Finished job 23.
9 of 60 steps (15%) done
[Thu Feb  6 14:00:10 2025]
Finished job 30.
10 of 60 steps (17%) done
[Thu Feb  6 14:00:10 2025]
Finished job 46.
11 of 60 steps (18%) done
[Thu Feb  6 14:00:10 2025]
Finished job 58.
12 of 60 steps (20%) done
[Thu Feb  6 14:00:10 2025]
Finished job 43.
13 of 60 steps (22%) done
[Thu Feb  6 14:00:10 2025]
Finished job 5.
14 of 60 steps (23%) done
[Thu Feb  6 14:00:10 2025]
Finished job 51.
15 of 60 steps (25%) done
[Thu Feb  6 14:00:10 2025]
Finished job 59.
16 of 60 steps (27%) done
[Thu Feb  6 14:00:10 2025]
Finished job 47.
17 of 60 steps (28%) done
[Thu Feb  6 14:00:11 2025]
Finished job 54.
18 of 60 steps (30%) done
[Thu Feb  6 14:00:11 2025]
Finished job 27.
19 of 60 steps (32%) done
[Thu Feb  6 14:00:11 2025]
Finished job 15.
20 of 60 steps (33%) done
[Thu Feb  6 14:00:11 2025]
Finished job 14.
21 of 60 steps (35%) done
[Thu Feb  6 14:00:11 2025]
Finished job 21.
22 of 60 steps (37%) done
[Thu Feb  6 14:00:11 2025]
Finished job 53.
23 of 60 steps (38%) done
[Thu Feb  6 14:00:11 2025]
Finished job 45.
24 of 60 steps (40%) done
[Thu Feb  6 14:00:11 2025]
Finished job 17.
25 of 60 steps (42%) done
[Thu Feb  6 14:00:11 2025]
Finished job 4.
26 of 60 steps (43%) done
[Thu Feb  6 14:00:11 2025]
Finished job 49.
27 of 60 steps (45%) done
[Thu Feb  6 14:00:12 2025]
Finished job 42.
28 of 60 steps (47%) done
[Thu Feb  6 14:00:12 2025]
Finished job 3.
29 of 60 steps (48%) done
[Thu Feb  6 14:00:12 2025]
Finished job 8.
30 of 60 steps (50%) done
[Thu Feb  6 14:00:12 2025]
Finished job 13.
31 of 60 steps (52%) done
[Thu Feb  6 14:00:12 2025]
Finished job 39.
32 of 60 steps (53%) done
[Thu Feb  6 14:00:12 2025]
Finished job 29.
33 of 60 steps (55%) done
[Thu Feb  6 14:00:12 2025]
Finished job 7.
34 of 60 steps (57%) done
[Thu Feb  6 14:00:12 2025]
Finished job 31.
35 of 60 steps (58%) done
[Thu Feb  6 14:00:12 2025]
Finished job 12.
36 of 60 steps (60%) done
[Thu Feb  6 14:00:12 2025]
Finished job 32.
37 of 60 steps (62%) done
[Thu Feb  6 14:00:13 2025]
Finished job 28.
38 of 60 steps (63%) done
[Thu Feb  6 14:00:13 2025]
Finished job 56.
39 of 60 steps (65%) done
[Thu Feb  6 14:00:13 2025]
Finished job 1.
40 of 60 steps (67%) done
[Thu Feb  6 14:00:13 2025]
Finished job 24.
41 of 60 steps (68%) done
[Thu Feb  6 14:00:13 2025]
Finished job 57.
42 of 60 steps (70%) done
[Thu Feb  6 14:00:13 2025]
Finished job 33.
43 of 60 steps (72%) done
[Thu Feb  6 14:00:13 2025]
Finished job 55.
44 of 60 steps (73%) done
[Thu Feb  6 14:00:13 2025]
Finished job 48.
45 of 60 steps (75%) done
[Thu Feb  6 14:00:13 2025]
Finished job 52.
46 of 60 steps (77%) done
[Thu Feb  6 14:00:13 2025]
Finished job 25.
47 of 60 steps (78%) done
[Thu Feb  6 14:00:14 2025]
Finished job 37.
48 of 60 steps (80%) done
[Thu Feb  6 14:00:14 2025]
Finished job 34.
49 of 60 steps (82%) done
[Thu Feb  6 14:00:14 2025]
Finished job 11.
50 of 60 steps (83%) done
[Thu Feb  6 14:00:14 2025]
Finished job 22.
51 of 60 steps (85%) done
[Thu Feb  6 14:00:14 2025]
Finished job 9.
52 of 60 steps (87%) done
[Thu Feb  6 14:00:24 2025]
Finished job 16.
53 of 60 steps (88%) done
[Thu Feb  6 14:00:24 2025]
Finished job 50.
54 of 60 steps (90%) done
[Thu Feb  6 14:00:24 2025]
Finished job 19.
55 of 60 steps (92%) done
[Thu Feb  6 14:00:24 2025]
Finished job 35.
56 of 60 steps (93%) done
Shutting down, this might take some time.
Exiting because a job execution failed. Look above for error message
Complete log: /home/u1/knodele/Immunoediting_Human_cSCC/10_cross_reactivity_distance/.snakemake/log/2025-02-06T135938.946130.snakemake.log
